[nltk_data] Downloading package words to /sailhome/mryan0/nltk_data...
[nltk_data]   Package words is already up-to-date!
Timeout while profiling metric autometrics.metrics.reference_free.INFORMRewardModel.INFORMRewardModel (exceeded 60 seconds)
slurmstepd: error: *** JOB 10362540 ON jagupard32 CANCELLED AT 2025-05-19T01:24:23 ***
[nltk_data] Downloading package words to /sailhome/mryan0/nltk_data...
[nltk_data]   Package words is already up-to-date!
Timeout while profiling metric autometrics.metrics.reference_free.INFORMRewardModel.INFORMRewardModel (exceeded 10 minutes)
Timeout running isolated trials for autometrics.metrics.reference_free.INFORMRewardModel.INFORMRewardModel category long
Timeout running isolated trials for autometrics.metrics.reference_free.PRMRewardModel.MathProcessRewardModel category medium
Timeout running isolated trials for autometrics.metrics.reference_free.PRMRewardModel.MathProcessRewardModel category long
Error in isolated trials: Error during burn-in: 
Traceback:
Traceback (most recent call last):
  File "/juice2/scr2/nlp/personal-rm/autometrics/autometrics/experiments/utilization/utilization.py", line 1484, in run_isolated_trials
    metric.calculate(input_text, output_text, reference_texts)
  File "/juice2/scr2/nlp/personal-rm/autometrics/autometrics/metrics/Metric.py", line 149, in calculate
    raise e
  File "/juice2/scr2/nlp/personal-rm/autometrics/autometrics/metrics/Metric.py", line 144, in calculate
    result = self._calculate_impl(input, output, references, **kwargs)
             ^^^^^^^^^^^^^^^^^^^^^^^^^^^^^^^^^^^^^^^^^^^^^^^^^^^^^^^^^
  File "/juice2/scr2/nlp/personal-rm/autometrics/autometrics/metrics/reference_free/LENS_SALSA.py", line 219, in _calculate_impl
    prediction = self.model.model.predict(
                 ^^^^^^^^^^^^^^^^^^^^^^^^^
  File "/nlp/scr/mryan0/miniconda3/envs/autometrics/lib/python3.12/site-packages/lens/models/base.py", line 654, in predict
    predictions = trainer.predict(
                  ^^^^^^^^^^^^^^^^
  File "/nlp/scr/mryan0/miniconda3/envs/autometrics/lib/python3.12/site-packages/pytorch_lightning/trainer/trainer.py", line 852, in predict
    return call._call_and_handle_interrupt(
           ^^^^^^^^^^^^^^^^^^^^^^^^^^^^^^^^
  File "/nlp/scr/mryan0/miniconda3/envs/autometrics/lib/python3.12/site-packages/pytorch_lightning/trainer/call.py", line 43, in _call_and_handle_interrupt
    return trainer_fn(*args, **kwargs)
           ^^^^^^^^^^^^^^^^^^^^^^^^^^^
  File "/nlp/scr/mryan0/miniconda3/envs/autometrics/lib/python3.12/site-packages/pytorch_lightning/trainer/trainer.py", line 894, in _predict_impl
    results = self._run(model, ckpt_path=ckpt_path)
              ^^^^^^^^^^^^^^^^^^^^^^^^^^^^^^^^^^^^^
  File "/nlp/scr/mryan0/miniconda3/envs/autometrics/lib/python3.12/site-packages/pytorch_lightning/trainer/trainer.py", line 980, in _run
    results = self._run_stage()
              ^^^^^^^^^^^^^^^^^
  File "/nlp/scr/mryan0/miniconda3/envs/autometrics/lib/python3.12/site-packages/pytorch_lightning/trainer/trainer.py", line 1018, in _run_stage
    return self.predict_loop.run()
           ^^^^^^^^^^^^^^^^^^^^^^^
  File "/nlp/scr/mryan0/miniconda3/envs/autometrics/lib/python3.12/site-packages/pytorch_lightning/loops/utilities.py", line 181, in _decorator
    return loop_run(self, *args, **kwargs)
           ^^^^^^^^^^^^^^^^^^^^^^^^^^^^^^^
  File "/nlp/scr/mryan0/miniconda3/envs/autometrics/lib/python3.12/site-packages/pytorch_lightning/loops/prediction_loop.py", line 110, in run
    batch, batch_idx, dataloader_idx = next(data_fetcher)
                                       ^^^^^^^^^^^^^^^^^^
  File "/nlp/scr/mryan0/miniconda3/envs/autometrics/lib/python3.12/site-packages/pytorch_lightning/loops/fetchers.py", line 126, in __next__
    batch = super().__next__()
            ^^^^^^^^^^^^^^^^^^
  File "/nlp/scr/mryan0/miniconda3/envs/autometrics/lib/python3.12/site-packages/pytorch_lightning/loops/fetchers.py", line 58, in __next__
    batch = next(self.iterator)
            ^^^^^^^^^^^^^^^^^^^
  File "/nlp/scr/mryan0/miniconda3/envs/autometrics/lib/python3.12/site-packages/pytorch_lightning/utilities/combined_loader.py", line 285, in __next__
    out = next(self._iterator)
          ^^^^^^^^^^^^^^^^^^^^
  File "/nlp/scr/mryan0/miniconda3/envs/autometrics/lib/python3.12/site-packages/pytorch_lightning/utilities/combined_loader.py", line 123, in __next__
    out = next(self.iterators[0])
          ^^^^^^^^^^^^^^^^^^^^^^^
  File "/nlp/scr/mryan0/miniconda3/envs/autometrics/lib/python3.12/site-packages/torch/utils/data/dataloader.py", line 733, in __next__
    data = self._next_data()
           ^^^^^^^^^^^^^^^^^
  File "/nlp/scr/mryan0/miniconda3/envs/autometrics/lib/python3.12/site-packages/torch/utils/data/dataloader.py", line 789, in _next_data
    data = self._dataset_fetcher.fetch(index)  # may raise StopIteration
           ^^^^^^^^^^^^^^^^^^^^^^^^^^^^^^^^^^
  File "/nlp/scr/mryan0/miniconda3/envs/autometrics/lib/python3.12/site-packages/torch/utils/data/_utils/fetch.py", line 55, in fetch
    return self.collate_fn(data)
           ^^^^^^^^^^^^^^^^^^^^^
  File "/nlp/scr/mryan0/miniconda3/envs/autometrics/lib/python3.12/site-packages/lens/models/base.py", line 548, in prepare_for_inference
    return self.prepare_sample(sample, stage="predict")
           ^^^^^^^^^^^^^^^^^^^^^^^^^^^^^^^^^^^^^^^^^^^^
  File "/nlp/scr/mryan0/miniconda3/envs/autometrics/lib/python3.12/site-packages/lens/models/unified_metric.py", line 414, in prepare_sample
    model_inputs = self.concat_inputs(input_sequences)
                   ^^^^^^^^^^^^^^^^^^^^^^^^^^^^^^^^^^^
  File "/nlp/scr/mryan0/miniconda3/envs/autometrics/lib/python3.12/site-packages/lens/models/unified_metric.py", line 376, in concat_inputs
    self.encoder.concat_sequences(
  File "/nlp/scr/mryan0/miniconda3/envs/autometrics/lib/python3.12/site-packages/lens/encoders/base.py", line 382, in concat_sequences
    in_span_mask += [self.pad_tensor(torch.cat((out_spans[i], src_spans[i]), dim=0), max_len, self.in_span_mask_pad_id)]
                     ^^^^^^^^^^^^^^^^^^^^^^^^^^^^^^^^^^^^^^^^^^^^^^^^^^^^^^^^^^^^^^^^^^^^^^^^^^^^^^^^^^^^^^^^^^^^^^^^^^
  File "/nlp/scr/mryan0/miniconda3/envs/autometrics/lib/python3.12/site-packages/lens/encoders/base.py", line 304, in pad_tensor
    assert n_padding >= 0
           ^^^^^^^^^^^^^^
AssertionError

/juice2/scr2/nlp/personal-rm/autometrics/autometrics/metrics/reference_free/LENS_SALSA.py:7: SyntaxWarning: invalid escape sequence '\h'
  """---
[nltk_data] Downloading package words to /sailhome/mryan0/nltk_data...
[nltk_data]   Package words is already up-to-date!
Traceback (most recent call last):
  File "/juice2/scr2/nlp/personal-rm/autometrics/autometrics/experiments/utilization/benchmark_utilization.py", line 28, in <module>
    from autometrics.metrics.MetricBank import reference_based_metrics, reference_free_metrics
  File "/juice2/scr2/nlp/personal-rm/autometrics/autometrics/metrics/MetricBank.py", line 63, in <module>
    from autometrics.metrics.reference_free.LDLRewardModel import LDLRewardModel
  File "/juice2/scr2/nlp/personal-rm/autometrics/autometrics/metrics/reference_free/LDLRewardModel.py", line 182
    """---
    ^^^^^^
SyntaxError: (unicode error) 'unicodeescape' codec can't decode bytes in position 5065-5066: truncated \uXXXX escape
/juice2/scr2/nlp/personal-rm/autometrics/autometrics/metrics/reference_free/LDLRewardModel.py:182: SyntaxWarning: invalid escape sequence '\s'
  """---
Traceback (most recent call last):
  File "/juice2/scr2/nlp/personal-rm/autometrics/autometrics/experiments/utilization/benchmark_utilization.py", line 28, in <module>
    from autometrics.metrics.MetricBank import reference_based_metrics, reference_free_metrics
  File "/juice2/scr2/nlp/personal-rm/autometrics/autometrics/metrics/MetricBank.py", line 63, in <module>
    from autometrics.metrics.reference_free.LDLRewardModel import LDLRewardModel
ImportError: cannot import name 'LDLRewardModel' from 'autometrics.metrics.reference_free.LDLRewardModel' (/juice2/scr2/nlp/personal-rm/autometrics/autometrics/metrics/reference_free/LDLRewardModel.py). Did you mean: 'LDLRewardModel27B'?
/juice2/scr2/nlp/personal-rm/autometrics/autometrics/metrics/reference_free/LDLRewardModel.py:182: SyntaxWarning: invalid escape sequence '\s'
  """---
Traceback (most recent call last):
  File "/juice2/scr2/nlp/personal-rm/autometrics/autometrics/experiments/utilization/benchmark_utilization.py", line 28, in <module>
    from autometrics.metrics.MetricBank import reference_based_metrics, reference_free_metrics
ImportError: cannot import name 'reference_based_metrics' from 'autometrics.metrics.MetricBank' (/juice2/scr2/nlp/personal-rm/autometrics/autometrics/metrics/MetricBank.py). Did you mean: 'build_reference_based_metrics'?
[nltk_data] Downloading package words to /sailhome/mryan0/nltk_data...
[nltk_data]   Package words is already up-to-date!
/juice2/scr2/nlp/personal-rm/autometrics/autometrics/metrics/utils/gpu_allocation.py:240: UserWarning: [gpu_allocation] Metric UniEvalFact requires 3140.6 MB but no single GPU has enough free memory; assigning to cuda:0 which may OOM.
  warnings.warn(
/juice2/scr2/nlp/personal-rm/autometrics/autometrics/metrics/utils/gpu_allocation.py:240: UserWarning: [gpu_allocation] Metric Perplexity requires 3069.4 MB but no single GPU has enough free memory; assigning to cuda:0 which may OOM.
  warnings.warn(
/juice2/scr2/nlp/personal-rm/autometrics/autometrics/metrics/utils/gpu_allocation.py:240: UserWarning: [gpu_allocation] Metric SummaQA requires 1283.4 MB but no single GPU has enough free memory; assigning to cuda:0 which may OOM.
  warnings.warn(
/juice2/scr2/nlp/personal-rm/autometrics/autometrics/metrics/utils/gpu_allocation.py:240: UserWarning: [gpu_allocation] Metric Toxicity requires 484.9 MB but no single GPU has enough free memory; assigning to cuda:0 which may OOM.
  warnings.warn(
/juice2/scr2/nlp/personal-rm/autometrics/autometrics/metrics/utils/gpu_allocation.py:240: UserWarning: [gpu_allocation] Metric FactCC requires 426.9 MB but no single GPU has enough free memory; assigning to cuda:0 which may OOM.
  warnings.warn(
/juice2/scr2/nlp/personal-rm/autometrics/autometrics/metrics/utils/gpu_allocation.py:240: UserWarning: [gpu_allocation] Metric ParaScoreFree requires 346.4 MB but no single GPU has enough free memory; assigning to cuda:0 which may OOM.
  warnings.warn(
/juice2/scr2/nlp/personal-rm/autometrics/autometrics/metrics/reference_free/LDLRewardModel.py:182: SyntaxWarning: invalid escape sequence '\s'
  """---
[nltk_data] Downloading package words to /sailhome/mryan0/nltk_data...
[nltk_data]   Package words is already up-to-date!
/juice2/scr2/nlp/personal-rm/autometrics/autometrics/metrics/utils/gpu_allocation.py:240: UserWarning: [gpu_allocation] Metric UniEvalFact requires 3140.6 MB but no single GPU has enough free memory; assigning to cuda:0 which may OOM.
  warnings.warn(
/juice2/scr2/nlp/personal-rm/autometrics/autometrics/metrics/utils/gpu_allocation.py:240: UserWarning: [gpu_allocation] Metric Perplexity requires 3069.4 MB but no single GPU has enough free memory; assigning to cuda:0 which may OOM.
  warnings.warn(
/juice2/scr2/nlp/personal-rm/autometrics/autometrics/metrics/utils/gpu_allocation.py:240: UserWarning: [gpu_allocation] Metric SummaQA requires 1283.4 MB but no single GPU has enough free memory; assigning to cuda:0 which may OOM.
  warnings.warn(
/juice2/scr2/nlp/personal-rm/autometrics/autometrics/metrics/utils/gpu_allocation.py:240: UserWarning: [gpu_allocation] Metric Toxicity requires 484.9 MB but no single GPU has enough free memory; assigning to cuda:0 which may OOM.
  warnings.warn(
/juice2/scr2/nlp/personal-rm/autometrics/autometrics/metrics/utils/gpu_allocation.py:240: UserWarning: [gpu_allocation] Metric FactCC requires 426.9 MB but no single GPU has enough free memory; assigning to cuda:0 which may OOM.
  warnings.warn(
/juice2/scr2/nlp/personal-rm/autometrics/autometrics/metrics/utils/gpu_allocation.py:240: UserWarning: [gpu_allocation] Metric ParaScoreFree requires 346.4 MB but no single GPU has enough free memory; assigning to cuda:0 which may OOM.
  warnings.warn(
Error profiling metric autometrics.metrics.reference_free.LDLRewardModel.LDLRewardModel (return code 1)
Stderr: [nltk_data] Downloading package words to /sailhome/mryan0/nltk_data...
[nltk_data]   Package words is already up-to-date!

Error details: Error during first calculation: We couldn't connect to 'https://huggingface.co' to load the files, and couldn't find them in the cached files.
Checkout your internet connection or see how to run the library in offline mode at 'https://huggingface.co/docs/transformers/installation#offline-mode'.
Traceback:
Traceback (most recent call last):
  File "/nlp/scr/mryan0/miniconda3/envs/autometrics/lib/python3.12/site-packages/urllib3/connectionpool.py", line 534, in _make_request
    response = conn.getresponse()
               ^^^^^^^^^^^^^^^^^^
  File "/nlp/scr/mryan0/miniconda3/envs/autometrics/lib/python3.12/site-packages/urllib3/connection.py", line 516, in getresponse
    httplib_response = super().getresponse()
                       ^^^^^^^^^^^^^^^^^^^^^
  File "/nlp/scr/mryan0/miniconda3/envs/autometrics/lib/python3.12/http/client.py", line 1430, in getresponse
    response.begin()
  File "/nlp/scr/mryan0/miniconda3/envs/autometrics/lib/python3.12/http/client.py", line 331, in begin
    version, status, reason = self._read_status()
                              ^^^^^^^^^^^^^^^^^^^
  File "/nlp/scr/mryan0/miniconda3/envs/autometrics/lib/python3.12/http/client.py", line 292, in _read_status
    line = str(self.fp.readline(_MAXLINE + 1), "iso-8859-1")
               ^^^^^^^^^^^^^^^^^^^^^^^^^^^^^^
  File "/nlp/scr/mryan0/miniconda3/envs/autometrics/lib/python3.12/socket.py", line 720, in readinto
    return self._sock.recv_into(b)
           ^^^^^^^^^^^^^^^^^^^^^^^
  File "/nlp/scr/mryan0/miniconda3/envs/autometrics/lib/python3.12/ssl.py", line 1251, in recv_into
    return self.read(nbytes, buffer)
           ^^^^^^^^^^^^^^^^^^^^^^^^^
  File "/nlp/scr/mryan0/miniconda3/envs/autometrics/lib/python3.12/ssl.py", line 1103, in read
    return self._sslobj.read(len, buffer)
           ^^^^^^^^^^^^^^^^^^^^^^^^^^^^^^
TimeoutError: The read operation timed out

The above exception was the direct cause of the following exception:

Traceback (most recent call last):
  File "/nlp/scr/mryan0/miniconda3/envs/autometrics/lib/python3.12/site-packages/requests/adapters.py", line 667, in send
    resp = conn.urlopen(
           ^^^^^^^^^^^^^
  File "/nlp/scr/mryan0/miniconda3/envs/autometrics/lib/python3.12/site-packages/urllib3/connectionpool.py", line 841, in urlopen
    retries = retries.increment(
              ^^^^^^^^^^^^^^^^^^
  File "/nlp/scr/mryan0/miniconda3/envs/autometrics/lib/python3.12/site-packages/urllib3/util/retry.py", line 474, in increment
    raise reraise(type(error), error, _stacktrace)
          ^^^^^^^^^^^^^^^^^^^^^^^^^^^^^^^^^^^^^^^^
  File "/nlp/scr/mryan0/miniconda3/envs/autometrics/lib/python3.12/site-packages/urllib3/util/util.py", line 39, in reraise
    raise value
  File "/nlp/scr/mryan0/miniconda3/envs/autometrics/lib/python3.12/site-packages/urllib3/connectionpool.py", line 787, in urlopen
    response = self._make_request(
               ^^^^^^^^^^^^^^^^^^^
  File "/nlp/scr/mryan0/miniconda3/envs/autometrics/lib/python3.12/site-packages/urllib3/connectionpool.py", line 536, in _make_request
    self._raise_timeout(err=e, url=url, timeout_value=read_timeout)
  File "/nlp/scr/mryan0/miniconda3/envs/autometrics/lib/python3.12/site-packages/urllib3/connectionpool.py", line 367, in _raise_timeout
    raise ReadTimeoutError(
urllib3.exceptions.ReadTimeoutError: HTTPSConnectionPool(host='huggingface.co', port=443): Read timed out. (read timeout=10)

During handling of the above exception, another exception occurred:

Traceback (most recent call last):
  File "/nlp/scr/mryan0/miniconda3/envs/autometrics/lib/python3.12/site-packages/huggingface_hub/file_download.py", line 1484, in _get_metadata_or_catch_error
    metadata = get_hf_file_metadata(
               ^^^^^^^^^^^^^^^^^^^^^
  File "/nlp/scr/mryan0/miniconda3/envs/autometrics/lib/python3.12/site-packages/huggingface_hub/utils/_validators.py", line 114, in _inner_fn
    return fn(*args, **kwargs)
           ^^^^^^^^^^^^^^^^^^^
  File "/nlp/scr/mryan0/miniconda3/envs/autometrics/lib/python3.12/site-packages/huggingface_hub/file_download.py", line 1401, in get_hf_file_metadata
    r = _request_wrapper(
        ^^^^^^^^^^^^^^^^^
  File "/nlp/scr/mryan0/miniconda3/envs/autometrics/lib/python3.12/site-packages/huggingface_hub/file_download.py", line 285, in _request_wrapper
    response = _request_wrapper(
               ^^^^^^^^^^^^^^^^^
  File "/nlp/scr/mryan0/miniconda3/envs/autometrics/lib/python3.12/site-packages/huggingface_hub/file_download.py", line 308, in _request_wrapper
    response = get_session().request(method=method, url=url, **params)
               ^^^^^^^^^^^^^^^^^^^^^^^^^^^^^^^^^^^^^^^^^^^^^^^^^^^^^^^
  File "/nlp/scr/mryan0/miniconda3/envs/autometrics/lib/python3.12/site-packages/requests/sessions.py", line 589, in request
    resp = self.send(prep, **send_kwargs)
           ^^^^^^^^^^^^^^^^^^^^^^^^^^^^^^
  File "/nlp/scr/mryan0/miniconda3/envs/autometrics/lib/python3.12/site-packages/requests/sessions.py", line 703, in send
    r = adapter.send(request, **kwargs)
        ^^^^^^^^^^^^^^^^^^^^^^^^^^^^^^^
  File "/nlp/scr/mryan0/miniconda3/envs/autometrics/lib/python3.12/site-packages/huggingface_hub/utils/_http.py", line 96, in send
    return super().send(request, *args, **kwargs)
           ^^^^^^^^^^^^^^^^^^^^^^^^^^^^^^^^^^^^^^
  File "/nlp/scr/mryan0/miniconda3/envs/autometrics/lib/python3.12/site-packages/requests/adapters.py", line 713, in send
    raise ReadTimeout(e, request=request)
requests.exceptions.ReadTimeout: (ReadTimeoutError("HTTPSConnectionPool(host='huggingface.co', port=443): Read timed out. (read timeout=10)"), '(Request ID: eb82e8a3-1d1a-4c31-b1f2-95de4aa5cd3e)')

The above exception was the direct cause of the following exception:

Traceback (most recent call last):
  File "/nlp/scr/mryan0/miniconda3/envs/autometrics/lib/python3.12/site-packages/transformers/utils/hub.py", line 424, in cached_files
    hf_hub_download(
  File "/nlp/scr/mryan0/miniconda3/envs/autometrics/lib/python3.12/site-packages/huggingface_hub/utils/_validators.py", line 114, in _inner_fn
    return fn(*args, **kwargs)
           ^^^^^^^^^^^^^^^^^^^
  File "/nlp/scr/mryan0/miniconda3/envs/autometrics/lib/python3.12/site-packages/huggingface_hub/file_download.py", line 961, in hf_hub_download
    return _hf_hub_download_to_cache_dir(
           ^^^^^^^^^^^^^^^^^^^^^^^^^^^^^^
  File "/nlp/scr/mryan0/miniconda3/envs/autometrics/lib/python3.12/site-packages/huggingface_hub/file_download.py", line 1068, in _hf_hub_download_to_cache_dir
    _raise_on_head_call_error(head_call_error, force_download, local_files_only)
  File "/nlp/scr/mryan0/miniconda3/envs/autometrics/lib/python3.12/site-packages/huggingface_hub/file_download.py", line 1599, in _raise_on_head_call_error
    raise LocalEntryNotFoundError(
huggingface_hub.errors.LocalEntryNotFoundError: An error happened while trying to locate the file on the Hub and we cannot find the requested files in the local cache. Please check your connection and try again or make sure your Internet connection is on.

The above exception was the direct cause of the following exception:

Traceback (most recent call last):
  File "/juice2/scr2/nlp/personal-rm/autometrics/autometrics/experiments/utilization/metric_profiler.py", line 248, in _child_main
    metric.calculate(input_text, output_text, references)
  File "/juice2/scr2/nlp/personal-rm/autometrics/autometrics/metrics/Metric.py", line 156, in calculate
    raise e
  File "/juice2/scr2/nlp/personal-rm/autometrics/autometrics/metrics/Metric.py", line 151, in calculate
    result = self._calculate_impl(input, output, references, **kwargs)
             ^^^^^^^^^^^^^^^^^^^^^^^^^^^^^^^^^^^^^^^^^^^^^^^^^^^^^^^^^
  File "/juice2/scr2/nlp/personal-rm/autometrics/autometrics/metrics/reference_free/LDLRewardModel.py", line 359, in _calculate_impl
    self._load_model()
  File "/juice2/scr2/nlp/personal-rm/autometrics/autometrics/metrics/reference_free/LDLRewardModel.py", line 342, in _load_model
    self.tokenizer = AutoTokenizer.from_pretrained(self.model_name)
                     ^^^^^^^^^^^^^^^^^^^^^^^^^^^^^^^^^^^^^^^^^^^^^^
  File "/nlp/scr/mryan0/miniconda3/envs/autometrics/lib/python3.12/site-packages/transformers/models/auto/tokenization_auto.py", line 966, in from_pretrained
    config = AutoConfig.from_pretrained(
             ^^^^^^^^^^^^^^^^^^^^^^^^^^^
  File "/nlp/scr/mryan0/miniconda3/envs/autometrics/lib/python3.12/site-packages/transformers/models/auto/configuration_auto.py", line 1114, in from_pretrained
    config_dict, unused_kwargs = PretrainedConfig.get_config_dict(pretrained_model_name_or_path, **kwargs)
                                 ^^^^^^^^^^^^^^^^^^^^^^^^^^^^^^^^^^^^^^^^^^^^^^^^^^^^^^^^^^^^^^^^^^^^^^^^^
  File "/nlp/scr/mryan0/miniconda3/envs/autometrics/lib/python3.12/site-packages/transformers/configuration_utils.py", line 590, in get_config_dict
    config_dict, kwargs = cls._get_config_dict(pretrained_model_name_or_path, **kwargs)
                          ^^^^^^^^^^^^^^^^^^^^^^^^^^^^^^^^^^^^^^^^^^^^^^^^^^^^^^^^^^^^^
  File "/nlp/scr/mryan0/miniconda3/envs/autometrics/lib/python3.12/site-packages/transformers/configuration_utils.py", line 649, in _get_config_dict
    resolved_config_file = cached_file(
                           ^^^^^^^^^^^^
  File "/nlp/scr/mryan0/miniconda3/envs/autometrics/lib/python3.12/site-packages/transformers/utils/hub.py", line 266, in cached_file
    file = cached_files(path_or_repo_id=path_or_repo_id, filenames=[filename], **kwargs)
           ^^^^^^^^^^^^^^^^^^^^^^^^^^^^^^^^^^^^^^^^^^^^^^^^^^^^^^^^^^^^^^^^^^^^^^^^^^^^^
  File "/nlp/scr/mryan0/miniconda3/envs/autometrics/lib/python3.12/site-packages/transformers/utils/hub.py", line 491, in cached_files
    raise OSError(
OSError: We couldn't connect to 'https://huggingface.co' to load the files, and couldn't find them in the cached files.
Checkout your internet connection or see how to run the library in offline mode at 'https://huggingface.co/docs/transformers/installation#offline-mode'.

Error in isolated trials: Error during burn-in: An error happened while trying to locate the file on the Hub and we cannot find the requested files in the local cache. Please check your connection and try again or make sure your Internet connection is on.
Traceback:
Traceback (most recent call last):
  File "/nlp/scr/mryan0/miniconda3/envs/autometrics/lib/python3.12/site-packages/urllib3/connectionpool.py", line 534, in _make_request
    response = conn.getresponse()
               ^^^^^^^^^^^^^^^^^^
  File "/nlp/scr/mryan0/miniconda3/envs/autometrics/lib/python3.12/site-packages/urllib3/connection.py", line 516, in getresponse
    httplib_response = super().getresponse()
                       ^^^^^^^^^^^^^^^^^^^^^
  File "/nlp/scr/mryan0/miniconda3/envs/autometrics/lib/python3.12/http/client.py", line 1430, in getresponse
    response.begin()
  File "/nlp/scr/mryan0/miniconda3/envs/autometrics/lib/python3.12/http/client.py", line 331, in begin
    version, status, reason = self._read_status()
                              ^^^^^^^^^^^^^^^^^^^
  File "/nlp/scr/mryan0/miniconda3/envs/autometrics/lib/python3.12/http/client.py", line 292, in _read_status
    line = str(self.fp.readline(_MAXLINE + 1), "iso-8859-1")
               ^^^^^^^^^^^^^^^^^^^^^^^^^^^^^^
  File "/nlp/scr/mryan0/miniconda3/envs/autometrics/lib/python3.12/socket.py", line 720, in readinto
    return self._sock.recv_into(b)
           ^^^^^^^^^^^^^^^^^^^^^^^
  File "/nlp/scr/mryan0/miniconda3/envs/autometrics/lib/python3.12/ssl.py", line 1251, in recv_into
    return self.read(nbytes, buffer)
           ^^^^^^^^^^^^^^^^^^^^^^^^^
  File "/nlp/scr/mryan0/miniconda3/envs/autometrics/lib/python3.12/ssl.py", line 1103, in read
    return self._sslobj.read(len, buffer)
           ^^^^^^^^^^^^^^^^^^^^^^^^^^^^^^
TimeoutError: The read operation timed out

The above exception was the direct cause of the following exception:

Traceback (most recent call last):
  File "/nlp/scr/mryan0/miniconda3/envs/autometrics/lib/python3.12/site-packages/requests/adapters.py", line 667, in send
    resp = conn.urlopen(
           ^^^^^^^^^^^^^
  File "/nlp/scr/mryan0/miniconda3/envs/autometrics/lib/python3.12/site-packages/urllib3/connectionpool.py", line 841, in urlopen
    retries = retries.increment(
              ^^^^^^^^^^^^^^^^^^
  File "/nlp/scr/mryan0/miniconda3/envs/autometrics/lib/python3.12/site-packages/urllib3/util/retry.py", line 474, in increment
    raise reraise(type(error), error, _stacktrace)
          ^^^^^^^^^^^^^^^^^^^^^^^^^^^^^^^^^^^^^^^^
  File "/nlp/scr/mryan0/miniconda3/envs/autometrics/lib/python3.12/site-packages/urllib3/util/util.py", line 39, in reraise
    raise value
  File "/nlp/scr/mryan0/miniconda3/envs/autometrics/lib/python3.12/site-packages/urllib3/connectionpool.py", line 787, in urlopen
    response = self._make_request(
               ^^^^^^^^^^^^^^^^^^^
  File "/nlp/scr/mryan0/miniconda3/envs/autometrics/lib/python3.12/site-packages/urllib3/connectionpool.py", line 536, in _make_request
    self._raise_timeout(err=e, url=url, timeout_value=read_timeout)
  File "/nlp/scr/mryan0/miniconda3/envs/autometrics/lib/python3.12/site-packages/urllib3/connectionpool.py", line 367, in _raise_timeout
    raise ReadTimeoutError(
urllib3.exceptions.ReadTimeoutError: HTTPSConnectionPool(host='huggingface.co', port=443): Read timed out. (read timeout=10)

During handling of the above exception, another exception occurred:

Traceback (most recent call last):
  File "/nlp/scr/mryan0/miniconda3/envs/autometrics/lib/python3.12/site-packages/huggingface_hub/file_download.py", line 1484, in _get_metadata_or_catch_error
    metadata = get_hf_file_metadata(
               ^^^^^^^^^^^^^^^^^^^^^
  File "/nlp/scr/mryan0/miniconda3/envs/autometrics/lib/python3.12/site-packages/huggingface_hub/utils/_validators.py", line 114, in _inner_fn
    return fn(*args, **kwargs)
           ^^^^^^^^^^^^^^^^^^^
  File "/nlp/scr/mryan0/miniconda3/envs/autometrics/lib/python3.12/site-packages/huggingface_hub/file_download.py", line 1401, in get_hf_file_metadata
    r = _request_wrapper(
        ^^^^^^^^^^^^^^^^^
  File "/nlp/scr/mryan0/miniconda3/envs/autometrics/lib/python3.12/site-packages/huggingface_hub/file_download.py", line 285, in _request_wrapper
    response = _request_wrapper(
               ^^^^^^^^^^^^^^^^^
  File "/nlp/scr/mryan0/miniconda3/envs/autometrics/lib/python3.12/site-packages/huggingface_hub/file_download.py", line 308, in _request_wrapper
    response = get_session().request(method=method, url=url, **params)
               ^^^^^^^^^^^^^^^^^^^^^^^^^^^^^^^^^^^^^^^^^^^^^^^^^^^^^^^
  File "/nlp/scr/mryan0/miniconda3/envs/autometrics/lib/python3.12/site-packages/requests/sessions.py", line 589, in request
    resp = self.send(prep, **send_kwargs)
           ^^^^^^^^^^^^^^^^^^^^^^^^^^^^^^
  File "/nlp/scr/mryan0/miniconda3/envs/autometrics/lib/python3.12/site-packages/requests/sessions.py", line 703, in send
    r = adapter.send(request, **kwargs)
        ^^^^^^^^^^^^^^^^^^^^^^^^^^^^^^^
  File "/nlp/scr/mryan0/miniconda3/envs/autometrics/lib/python3.12/site-packages/huggingface_hub/utils/_http.py", line 96, in send
    return super().send(request, *args, **kwargs)
           ^^^^^^^^^^^^^^^^^^^^^^^^^^^^^^^^^^^^^^
  File "/nlp/scr/mryan0/miniconda3/envs/autometrics/lib/python3.12/site-packages/requests/adapters.py", line 713, in send
    raise ReadTimeout(e, request=request)
requests.exceptions.ReadTimeout: (ReadTimeoutError("HTTPSConnectionPool(host='huggingface.co', port=443): Read timed out. (read timeout=10)"), '(Request ID: 4a55ae16-e8e6-4ab5-9962-de3a74bb5b9a)')

The above exception was the direct cause of the following exception:

Traceback (most recent call last):
  File "/juice2/scr2/nlp/personal-rm/autometrics/autometrics/experiments/utilization/utilization.py", line 1484, in run_isolated_trials
    metric.calculate(input_text, output_text, reference_texts)
  File "/juice2/scr2/nlp/personal-rm/autometrics/autometrics/metrics/Metric.py", line 156, in calculate
    raise e
  File "/juice2/scr2/nlp/personal-rm/autometrics/autometrics/metrics/Metric.py", line 151, in calculate
    result = self._calculate_impl(input, output, references, **kwargs)
             ^^^^^^^^^^^^^^^^^^^^^^^^^^^^^^^^^^^^^^^^^^^^^^^^^^^^^^^^^
  File "/juice2/scr2/nlp/personal-rm/autometrics/autometrics/metrics/reference_free/LDLRewardModel.py", line 359, in _calculate_impl
    self._load_model()
  File "/juice2/scr2/nlp/personal-rm/autometrics/autometrics/metrics/reference_free/LDLRewardModel.py", line 343, in _load_model
    self.model = LDLRewardModel27B.from_pretrained(
                 ^^^^^^^^^^^^^^^^^^^^^^^^^^^^^^^^^^
  File "/juice2/scr2/nlp/personal-rm/autometrics/autometrics/metrics/reference_free/LDLRewardModel.py", line 160, in from_pretrained
    cached_dir = snapshot_download(repo_id=load_directory)
                 ^^^^^^^^^^^^^^^^^^^^^^^^^^^^^^^^^^^^^^^^^
  File "/nlp/scr/mryan0/miniconda3/envs/autometrics/lib/python3.12/site-packages/huggingface_hub/utils/_validators.py", line 114, in _inner_fn
    return fn(*args, **kwargs)
           ^^^^^^^^^^^^^^^^^^^
  File "/nlp/scr/mryan0/miniconda3/envs/autometrics/lib/python3.12/site-packages/huggingface_hub/_snapshot_download.py", line 296, in snapshot_download
    thread_map(
  File "/nlp/scr/mryan0/miniconda3/envs/autometrics/lib/python3.12/site-packages/tqdm/contrib/concurrent.py", line 69, in thread_map
    return _executor_map(ThreadPoolExecutor, fn, *iterables, **tqdm_kwargs)
           ^^^^^^^^^^^^^^^^^^^^^^^^^^^^^^^^^^^^^^^^^^^^^^^^^^^^^^^^^^^^^^^^
  File "/nlp/scr/mryan0/miniconda3/envs/autometrics/lib/python3.12/site-packages/tqdm/contrib/concurrent.py", line 51, in _executor_map
    return list(tqdm_class(ex.map(fn, *iterables, chunksize=chunksize), **kwargs))
           ^^^^^^^^^^^^^^^^^^^^^^^^^^^^^^^^^^^^^^^^^^^^^^^^^^^^^^^^^^^^^^^^^^^^^^^
  File "/nlp/scr/mryan0/miniconda3/envs/autometrics/lib/python3.12/site-packages/tqdm/std.py", line 1181, in __iter__
    for obj in iterable:
               ^^^^^^^^
  File "/nlp/scr/mryan0/miniconda3/envs/autometrics/lib/python3.12/concurrent/futures/_base.py", line 619, in result_iterator
    yield _result_or_cancel(fs.pop())
          ^^^^^^^^^^^^^^^^^^^^^^^^^^^
  File "/nlp/scr/mryan0/miniconda3/envs/autometrics/lib/python3.12/concurrent/futures/_base.py", line 317, in _result_or_cancel
    return fut.result(timeout)
           ^^^^^^^^^^^^^^^^^^^
  File "/nlp/scr/mryan0/miniconda3/envs/autometrics/lib/python3.12/concurrent/futures/_base.py", line 456, in result
    return self.__get_result()
           ^^^^^^^^^^^^^^^^^^^
  File "/nlp/scr/mryan0/miniconda3/envs/autometrics/lib/python3.12/concurrent/futures/_base.py", line 401, in __get_result
    raise self._exception
  File "/nlp/scr/mryan0/miniconda3/envs/autometrics/lib/python3.12/concurrent/futures/thread.py", line 59, in run
    result = self.fn(*self.args, **self.kwargs)
             ^^^^^^^^^^^^^^^^^^^^^^^^^^^^^^^^^^
  File "/nlp/scr/mryan0/miniconda3/envs/autometrics/lib/python3.12/site-packages/huggingface_hub/_snapshot_download.py", line 270, in _inner_hf_hub_download
    return hf_hub_download(
           ^^^^^^^^^^^^^^^^
  File "/nlp/scr/mryan0/miniconda3/envs/autometrics/lib/python3.12/site-packages/huggingface_hub/utils/_validators.py", line 114, in _inner_fn
    return fn(*args, **kwargs)
           ^^^^^^^^^^^^^^^^^^^
  File "/nlp/scr/mryan0/miniconda3/envs/autometrics/lib/python3.12/site-packages/huggingface_hub/file_download.py", line 961, in hf_hub_download
    return _hf_hub_download_to_cache_dir(
           ^^^^^^^^^^^^^^^^^^^^^^^^^^^^^^
  File "/nlp/scr/mryan0/miniconda3/envs/autometrics/lib/python3.12/site-packages/huggingface_hub/file_download.py", line 1068, in _hf_hub_download_to_cache_dir
    _raise_on_head_call_error(head_call_error, force_download, local_files_only)
  File "/nlp/scr/mryan0/miniconda3/envs/autometrics/lib/python3.12/site-packages/huggingface_hub/file_download.py", line 1599, in _raise_on_head_call_error
    raise LocalEntryNotFoundError(
huggingface_hub.errors.LocalEntryNotFoundError: An error happened while trying to locate the file on the Hub and we cannot find the requested files in the local cache. Please check your connection and try again or make sure your Internet connection is on.

Error in isolated trials: Error during burn-in: An error happened while trying to locate the file on the Hub and we cannot find the requested files in the local cache. Please check your connection and try again or make sure your Internet connection is on.
Traceback:
Traceback (most recent call last):
  File "/nlp/scr/mryan0/miniconda3/envs/autometrics/lib/python3.12/site-packages/urllib3/connectionpool.py", line 534, in _make_request
    response = conn.getresponse()
               ^^^^^^^^^^^^^^^^^^
  File "/nlp/scr/mryan0/miniconda3/envs/autometrics/lib/python3.12/site-packages/urllib3/connection.py", line 516, in getresponse
    httplib_response = super().getresponse()
                       ^^^^^^^^^^^^^^^^^^^^^
  File "/nlp/scr/mryan0/miniconda3/envs/autometrics/lib/python3.12/http/client.py", line 1430, in getresponse
    response.begin()
  File "/nlp/scr/mryan0/miniconda3/envs/autometrics/lib/python3.12/http/client.py", line 331, in begin
    version, status, reason = self._read_status()
                              ^^^^^^^^^^^^^^^^^^^
  File "/nlp/scr/mryan0/miniconda3/envs/autometrics/lib/python3.12/http/client.py", line 292, in _read_status
    line = str(self.fp.readline(_MAXLINE + 1), "iso-8859-1")
               ^^^^^^^^^^^^^^^^^^^^^^^^^^^^^^
  File "/nlp/scr/mryan0/miniconda3/envs/autometrics/lib/python3.12/socket.py", line 720, in readinto
    return self._sock.recv_into(b)
           ^^^^^^^^^^^^^^^^^^^^^^^
  File "/nlp/scr/mryan0/miniconda3/envs/autometrics/lib/python3.12/ssl.py", line 1251, in recv_into
    return self.read(nbytes, buffer)
           ^^^^^^^^^^^^^^^^^^^^^^^^^
  File "/nlp/scr/mryan0/miniconda3/envs/autometrics/lib/python3.12/ssl.py", line 1103, in read
    return self._sslobj.read(len, buffer)
           ^^^^^^^^^^^^^^^^^^^^^^^^^^^^^^
TimeoutError: The read operation timed out

The above exception was the direct cause of the following exception:

Traceback (most recent call last):
  File "/nlp/scr/mryan0/miniconda3/envs/autometrics/lib/python3.12/site-packages/requests/adapters.py", line 667, in send
    resp = conn.urlopen(
           ^^^^^^^^^^^^^
  File "/nlp/scr/mryan0/miniconda3/envs/autometrics/lib/python3.12/site-packages/urllib3/connectionpool.py", line 841, in urlopen
    retries = retries.increment(
              ^^^^^^^^^^^^^^^^^^
  File "/nlp/scr/mryan0/miniconda3/envs/autometrics/lib/python3.12/site-packages/urllib3/util/retry.py", line 474, in increment
    raise reraise(type(error), error, _stacktrace)
          ^^^^^^^^^^^^^^^^^^^^^^^^^^^^^^^^^^^^^^^^
  File "/nlp/scr/mryan0/miniconda3/envs/autometrics/lib/python3.12/site-packages/urllib3/util/util.py", line 39, in reraise
    raise value
  File "/nlp/scr/mryan0/miniconda3/envs/autometrics/lib/python3.12/site-packages/urllib3/connectionpool.py", line 787, in urlopen
    response = self._make_request(
               ^^^^^^^^^^^^^^^^^^^
  File "/nlp/scr/mryan0/miniconda3/envs/autometrics/lib/python3.12/site-packages/urllib3/connectionpool.py", line 536, in _make_request
    self._raise_timeout(err=e, url=url, timeout_value=read_timeout)
  File "/nlp/scr/mryan0/miniconda3/envs/autometrics/lib/python3.12/site-packages/urllib3/connectionpool.py", line 367, in _raise_timeout
    raise ReadTimeoutError(
urllib3.exceptions.ReadTimeoutError: HTTPSConnectionPool(host='huggingface.co', port=443): Read timed out. (read timeout=10)

During handling of the above exception, another exception occurred:

Traceback (most recent call last):
  File "/nlp/scr/mryan0/miniconda3/envs/autometrics/lib/python3.12/site-packages/huggingface_hub/file_download.py", line 1484, in _get_metadata_or_catch_error
    metadata = get_hf_file_metadata(
               ^^^^^^^^^^^^^^^^^^^^^
  File "/nlp/scr/mryan0/miniconda3/envs/autometrics/lib/python3.12/site-packages/huggingface_hub/utils/_validators.py", line 114, in _inner_fn
    return fn(*args, **kwargs)
           ^^^^^^^^^^^^^^^^^^^
  File "/nlp/scr/mryan0/miniconda3/envs/autometrics/lib/python3.12/site-packages/huggingface_hub/file_download.py", line 1401, in get_hf_file_metadata
    r = _request_wrapper(
        ^^^^^^^^^^^^^^^^^
  File "/nlp/scr/mryan0/miniconda3/envs/autometrics/lib/python3.12/site-packages/huggingface_hub/file_download.py", line 285, in _request_wrapper
    response = _request_wrapper(
               ^^^^^^^^^^^^^^^^^
  File "/nlp/scr/mryan0/miniconda3/envs/autometrics/lib/python3.12/site-packages/huggingface_hub/file_download.py", line 308, in _request_wrapper
    response = get_session().request(method=method, url=url, **params)
               ^^^^^^^^^^^^^^^^^^^^^^^^^^^^^^^^^^^^^^^^^^^^^^^^^^^^^^^
  File "/nlp/scr/mryan0/miniconda3/envs/autometrics/lib/python3.12/site-packages/requests/sessions.py", line 589, in request
    resp = self.send(prep, **send_kwargs)
           ^^^^^^^^^^^^^^^^^^^^^^^^^^^^^^
  File "/nlp/scr/mryan0/miniconda3/envs/autometrics/lib/python3.12/site-packages/requests/sessions.py", line 703, in send
    r = adapter.send(request, **kwargs)
        ^^^^^^^^^^^^^^^^^^^^^^^^^^^^^^^
  File "/nlp/scr/mryan0/miniconda3/envs/autometrics/lib/python3.12/site-packages/huggingface_hub/utils/_http.py", line 96, in send
    return super().send(request, *args, **kwargs)
           ^^^^^^^^^^^^^^^^^^^^^^^^^^^^^^^^^^^^^^
  File "/nlp/scr/mryan0/miniconda3/envs/autometrics/lib/python3.12/site-packages/requests/adapters.py", line 713, in send
    raise ReadTimeout(e, request=request)
requests.exceptions.ReadTimeout: (ReadTimeoutError("HTTPSConnectionPool(host='huggingface.co', port=443): Read timed out. (read timeout=10)"), '(Request ID: 1539714b-5a7b-4353-8d26-d94cc8845759)')

The above exception was the direct cause of the following exception:

Traceback (most recent call last):
  File "/juice2/scr2/nlp/personal-rm/autometrics/autometrics/experiments/utilization/utilization.py", line 1484, in run_isolated_trials
    metric.calculate(input_text, output_text, reference_texts)
  File "/juice2/scr2/nlp/personal-rm/autometrics/autometrics/metrics/Metric.py", line 156, in calculate
    raise e
  File "/juice2/scr2/nlp/personal-rm/autometrics/autometrics/metrics/Metric.py", line 151, in calculate
    result = self._calculate_impl(input, output, references, **kwargs)
             ^^^^^^^^^^^^^^^^^^^^^^^^^^^^^^^^^^^^^^^^^^^^^^^^^^^^^^^^^
  File "/juice2/scr2/nlp/personal-rm/autometrics/autometrics/metrics/reference_free/LDLRewardModel.py", line 359, in _calculate_impl
    self._load_model()
  File "/juice2/scr2/nlp/personal-rm/autometrics/autometrics/metrics/reference_free/LDLRewardModel.py", line 343, in _load_model
    self.model = LDLRewardModel27B.from_pretrained(
                 ^^^^^^^^^^^^^^^^^^^^^^^^^^^^^^^^^^
  File "/juice2/scr2/nlp/personal-rm/autometrics/autometrics/metrics/reference_free/LDLRewardModel.py", line 160, in from_pretrained
    cached_dir = snapshot_download(repo_id=load_directory)
                 ^^^^^^^^^^^^^^^^^^^^^^^^^^^^^^^^^^^^^^^^^
  File "/nlp/scr/mryan0/miniconda3/envs/autometrics/lib/python3.12/site-packages/huggingface_hub/utils/_validators.py", line 114, in _inner_fn
    return fn(*args, **kwargs)
           ^^^^^^^^^^^^^^^^^^^
  File "/nlp/scr/mryan0/miniconda3/envs/autometrics/lib/python3.12/site-packages/huggingface_hub/_snapshot_download.py", line 296, in snapshot_download
    thread_map(
  File "/nlp/scr/mryan0/miniconda3/envs/autometrics/lib/python3.12/site-packages/tqdm/contrib/concurrent.py", line 69, in thread_map
    return _executor_map(ThreadPoolExecutor, fn, *iterables, **tqdm_kwargs)
           ^^^^^^^^^^^^^^^^^^^^^^^^^^^^^^^^^^^^^^^^^^^^^^^^^^^^^^^^^^^^^^^^
  File "/nlp/scr/mryan0/miniconda3/envs/autometrics/lib/python3.12/site-packages/tqdm/contrib/concurrent.py", line 51, in _executor_map
    return list(tqdm_class(ex.map(fn, *iterables, chunksize=chunksize), **kwargs))
           ^^^^^^^^^^^^^^^^^^^^^^^^^^^^^^^^^^^^^^^^^^^^^^^^^^^^^^^^^^^^^^^^^^^^^^^
  File "/nlp/scr/mryan0/miniconda3/envs/autometrics/lib/python3.12/site-packages/tqdm/std.py", line 1181, in __iter__
    for obj in iterable:
               ^^^^^^^^
  File "/nlp/scr/mryan0/miniconda3/envs/autometrics/lib/python3.12/concurrent/futures/_base.py", line 619, in result_iterator
    yield _result_or_cancel(fs.pop())
          ^^^^^^^^^^^^^^^^^^^^^^^^^^^
  File "/nlp/scr/mryan0/miniconda3/envs/autometrics/lib/python3.12/concurrent/futures/_base.py", line 317, in _result_or_cancel
    return fut.result(timeout)
           ^^^^^^^^^^^^^^^^^^^
  File "/nlp/scr/mryan0/miniconda3/envs/autometrics/lib/python3.12/concurrent/futures/_base.py", line 456, in result
    return self.__get_result()
           ^^^^^^^^^^^^^^^^^^^
  File "/nlp/scr/mryan0/miniconda3/envs/autometrics/lib/python3.12/concurrent/futures/_base.py", line 401, in __get_result
    raise self._exception
  File "/nlp/scr/mryan0/miniconda3/envs/autometrics/lib/python3.12/concurrent/futures/thread.py", line 59, in run
    result = self.fn(*self.args, **self.kwargs)
             ^^^^^^^^^^^^^^^^^^^^^^^^^^^^^^^^^^
  File "/nlp/scr/mryan0/miniconda3/envs/autometrics/lib/python3.12/site-packages/huggingface_hub/_snapshot_download.py", line 270, in _inner_hf_hub_download
    return hf_hub_download(
           ^^^^^^^^^^^^^^^^
  File "/nlp/scr/mryan0/miniconda3/envs/autometrics/lib/python3.12/site-packages/huggingface_hub/utils/_validators.py", line 114, in _inner_fn
    return fn(*args, **kwargs)
           ^^^^^^^^^^^^^^^^^^^
  File "/nlp/scr/mryan0/miniconda3/envs/autometrics/lib/python3.12/site-packages/huggingface_hub/file_download.py", line 961, in hf_hub_download
    return _hf_hub_download_to_cache_dir(
           ^^^^^^^^^^^^^^^^^^^^^^^^^^^^^^
  File "/nlp/scr/mryan0/miniconda3/envs/autometrics/lib/python3.12/site-packages/huggingface_hub/file_download.py", line 1068, in _hf_hub_download_to_cache_dir
    _raise_on_head_call_error(head_call_error, force_download, local_files_only)
  File "/nlp/scr/mryan0/miniconda3/envs/autometrics/lib/python3.12/site-packages/huggingface_hub/file_download.py", line 1599, in _raise_on_head_call_error
    raise LocalEntryNotFoundError(
huggingface_hub.errors.LocalEntryNotFoundError: An error happened while trying to locate the file on the Hub and we cannot find the requested files in the local cache. Please check your connection and try again or make sure your Internet connection is on.

Error in isolated trials: Error during burn-in: (ReadTimeoutError("HTTPSConnectionPool(host='huggingface.co', port=443): Read timed out. (read timeout=10)"), '(Request ID: 5a3d75dc-7bf0-4452-ac92-f4bc4160f284)')
Traceback:
Traceback (most recent call last):
  File "/nlp/scr/mryan0/miniconda3/envs/autometrics/lib/python3.12/site-packages/urllib3/connectionpool.py", line 534, in _make_request
    response = conn.getresponse()
               ^^^^^^^^^^^^^^^^^^
  File "/nlp/scr/mryan0/miniconda3/envs/autometrics/lib/python3.12/site-packages/urllib3/connection.py", line 516, in getresponse
    httplib_response = super().getresponse()
                       ^^^^^^^^^^^^^^^^^^^^^
  File "/nlp/scr/mryan0/miniconda3/envs/autometrics/lib/python3.12/http/client.py", line 1430, in getresponse
    response.begin()
  File "/nlp/scr/mryan0/miniconda3/envs/autometrics/lib/python3.12/http/client.py", line 331, in begin
    version, status, reason = self._read_status()
                              ^^^^^^^^^^^^^^^^^^^
  File "/nlp/scr/mryan0/miniconda3/envs/autometrics/lib/python3.12/http/client.py", line 292, in _read_status
    line = str(self.fp.readline(_MAXLINE + 1), "iso-8859-1")
               ^^^^^^^^^^^^^^^^^^^^^^^^^^^^^^
  File "/nlp/scr/mryan0/miniconda3/envs/autometrics/lib/python3.12/socket.py", line 720, in readinto
    return self._sock.recv_into(b)
           ^^^^^^^^^^^^^^^^^^^^^^^
  File "/nlp/scr/mryan0/miniconda3/envs/autometrics/lib/python3.12/ssl.py", line 1251, in recv_into
    return self.read(nbytes, buffer)
           ^^^^^^^^^^^^^^^^^^^^^^^^^
  File "/nlp/scr/mryan0/miniconda3/envs/autometrics/lib/python3.12/ssl.py", line 1103, in read
    return self._sslobj.read(len, buffer)
           ^^^^^^^^^^^^^^^^^^^^^^^^^^^^^^
TimeoutError: The read operation timed out

The above exception was the direct cause of the following exception:

Traceback (most recent call last):
  File "/nlp/scr/mryan0/miniconda3/envs/autometrics/lib/python3.12/site-packages/requests/adapters.py", line 667, in send
    resp = conn.urlopen(
           ^^^^^^^^^^^^^
  File "/nlp/scr/mryan0/miniconda3/envs/autometrics/lib/python3.12/site-packages/urllib3/connectionpool.py", line 841, in urlopen
    retries = retries.increment(
              ^^^^^^^^^^^^^^^^^^
  File "/nlp/scr/mryan0/miniconda3/envs/autometrics/lib/python3.12/site-packages/urllib3/util/retry.py", line 474, in increment
    raise reraise(type(error), error, _stacktrace)
          ^^^^^^^^^^^^^^^^^^^^^^^^^^^^^^^^^^^^^^^^
  File "/nlp/scr/mryan0/miniconda3/envs/autometrics/lib/python3.12/site-packages/urllib3/util/util.py", line 39, in reraise
    raise value
  File "/nlp/scr/mryan0/miniconda3/envs/autometrics/lib/python3.12/site-packages/urllib3/connectionpool.py", line 787, in urlopen
    response = self._make_request(
               ^^^^^^^^^^^^^^^^^^^
  File "/nlp/scr/mryan0/miniconda3/envs/autometrics/lib/python3.12/site-packages/urllib3/connectionpool.py", line 536, in _make_request
    self._raise_timeout(err=e, url=url, timeout_value=read_timeout)
  File "/nlp/scr/mryan0/miniconda3/envs/autometrics/lib/python3.12/site-packages/urllib3/connectionpool.py", line 367, in _raise_timeout
    raise ReadTimeoutError(
urllib3.exceptions.ReadTimeoutError: HTTPSConnectionPool(host='huggingface.co', port=443): Read timed out. (read timeout=10)

During handling of the above exception, another exception occurred:

Traceback (most recent call last):
  File "/juice2/scr2/nlp/personal-rm/autometrics/autometrics/experiments/utilization/utilization.py", line 1484, in run_isolated_trials
    metric.calculate(input_text, output_text, reference_texts)
  File "/juice2/scr2/nlp/personal-rm/autometrics/autometrics/metrics/Metric.py", line 156, in calculate
    raise e
  File "/juice2/scr2/nlp/personal-rm/autometrics/autometrics/metrics/Metric.py", line 151, in calculate
    result = self._calculate_impl(input, output, references, **kwargs)
             ^^^^^^^^^^^^^^^^^^^^^^^^^^^^^^^^^^^^^^^^^^^^^^^^^^^^^^^^^
  File "/juice2/scr2/nlp/personal-rm/autometrics/autometrics/metrics/reference_free/LDLRewardModel.py", line 359, in _calculate_impl
    self._load_model()
  File "/juice2/scr2/nlp/personal-rm/autometrics/autometrics/metrics/reference_free/LDLRewardModel.py", line 343, in _load_model
    self.model = LDLRewardModel27B.from_pretrained(
                 ^^^^^^^^^^^^^^^^^^^^^^^^^^^^^^^^^^
  File "/juice2/scr2/nlp/personal-rm/autometrics/autometrics/metrics/reference_free/LDLRewardModel.py", line 160, in from_pretrained
    cached_dir = snapshot_download(repo_id=load_directory)
                 ^^^^^^^^^^^^^^^^^^^^^^^^^^^^^^^^^^^^^^^^^
  File "/nlp/scr/mryan0/miniconda3/envs/autometrics/lib/python3.12/site-packages/huggingface_hub/utils/_validators.py", line 114, in _inner_fn
    return fn(*args, **kwargs)
           ^^^^^^^^^^^^^^^^^^^
  File "/nlp/scr/mryan0/miniconda3/envs/autometrics/lib/python3.12/site-packages/huggingface_hub/_snapshot_download.py", line 296, in snapshot_download
    thread_map(
  File "/nlp/scr/mryan0/miniconda3/envs/autometrics/lib/python3.12/site-packages/tqdm/contrib/concurrent.py", line 69, in thread_map
    return _executor_map(ThreadPoolExecutor, fn, *iterables, **tqdm_kwargs)
           ^^^^^^^^^^^^^^^^^^^^^^^^^^^^^^^^^^^^^^^^^^^^^^^^^^^^^^^^^^^^^^^^
  File "/nlp/scr/mryan0/miniconda3/envs/autometrics/lib/python3.12/site-packages/tqdm/contrib/concurrent.py", line 51, in _executor_map
    return list(tqdm_class(ex.map(fn, *iterables, chunksize=chunksize), **kwargs))
           ^^^^^^^^^^^^^^^^^^^^^^^^^^^^^^^^^^^^^^^^^^^^^^^^^^^^^^^^^^^^^^^^^^^^^^^
  File "/nlp/scr/mryan0/miniconda3/envs/autometrics/lib/python3.12/site-packages/tqdm/std.py", line 1181, in __iter__
    for obj in iterable:
               ^^^^^^^^
  File "/nlp/scr/mryan0/miniconda3/envs/autometrics/lib/python3.12/concurrent/futures/_base.py", line 619, in result_iterator
    yield _result_or_cancel(fs.pop())
          ^^^^^^^^^^^^^^^^^^^^^^^^^^^
  File "/nlp/scr/mryan0/miniconda3/envs/autometrics/lib/python3.12/concurrent/futures/_base.py", line 317, in _result_or_cancel
    return fut.result(timeout)
           ^^^^^^^^^^^^^^^^^^^
  File "/nlp/scr/mryan0/miniconda3/envs/autometrics/lib/python3.12/concurrent/futures/_base.py", line 456, in result
    return self.__get_result()
           ^^^^^^^^^^^^^^^^^^^
  File "/nlp/scr/mryan0/miniconda3/envs/autometrics/lib/python3.12/concurrent/futures/_base.py", line 401, in __get_result
    raise self._exception
  File "/nlp/scr/mryan0/miniconda3/envs/autometrics/lib/python3.12/concurrent/futures/thread.py", line 59, in run
    result = self.fn(*self.args, **self.kwargs)
             ^^^^^^^^^^^^^^^^^^^^^^^^^^^^^^^^^^
  File "/nlp/scr/mryan0/miniconda3/envs/autometrics/lib/python3.12/site-packages/huggingface_hub/_snapshot_download.py", line 270, in _inner_hf_hub_download
    return hf_hub_download(
           ^^^^^^^^^^^^^^^^
  File "/nlp/scr/mryan0/miniconda3/envs/autometrics/lib/python3.12/site-packages/huggingface_hub/utils/_validators.py", line 114, in _inner_fn
    return fn(*args, **kwargs)
           ^^^^^^^^^^^^^^^^^^^
  File "/nlp/scr/mryan0/miniconda3/envs/autometrics/lib/python3.12/site-packages/huggingface_hub/file_download.py", line 961, in hf_hub_download
    return _hf_hub_download_to_cache_dir(
           ^^^^^^^^^^^^^^^^^^^^^^^^^^^^^^
  File "/nlp/scr/mryan0/miniconda3/envs/autometrics/lib/python3.12/site-packages/huggingface_hub/file_download.py", line 1112, in _hf_hub_download_to_cache_dir
    _download_to_tmp_and_move(
  File "/nlp/scr/mryan0/miniconda3/envs/autometrics/lib/python3.12/site-packages/huggingface_hub/file_download.py", line 1675, in _download_to_tmp_and_move
    http_get(
  File "/nlp/scr/mryan0/miniconda3/envs/autometrics/lib/python3.12/site-packages/huggingface_hub/file_download.py", line 376, in http_get
    r = _request_wrapper(
        ^^^^^^^^^^^^^^^^^
  File "/nlp/scr/mryan0/miniconda3/envs/autometrics/lib/python3.12/site-packages/huggingface_hub/file_download.py", line 308, in _request_wrapper
    response = get_session().request(method=method, url=url, **params)
               ^^^^^^^^^^^^^^^^^^^^^^^^^^^^^^^^^^^^^^^^^^^^^^^^^^^^^^^
  File "/nlp/scr/mryan0/miniconda3/envs/autometrics/lib/python3.12/site-packages/requests/sessions.py", line 589, in request
    resp = self.send(prep, **send_kwargs)
           ^^^^^^^^^^^^^^^^^^^^^^^^^^^^^^
  File "/nlp/scr/mryan0/miniconda3/envs/autometrics/lib/python3.12/site-packages/requests/sessions.py", line 703, in send
    r = adapter.send(request, **kwargs)
        ^^^^^^^^^^^^^^^^^^^^^^^^^^^^^^^
  File "/nlp/scr/mryan0/miniconda3/envs/autometrics/lib/python3.12/site-packages/huggingface_hub/utils/_http.py", line 96, in send
    return super().send(request, *args, **kwargs)
           ^^^^^^^^^^^^^^^^^^^^^^^^^^^^^^^^^^^^^^
  File "/nlp/scr/mryan0/miniconda3/envs/autometrics/lib/python3.12/site-packages/requests/adapters.py", line 713, in send
    raise ReadTimeout(e, request=request)
requests.exceptions.ReadTimeout: (ReadTimeoutError("HTTPSConnectionPool(host='huggingface.co', port=443): Read timed out. (read timeout=10)"), '(Request ID: 5a3d75dc-7bf0-4452-ac92-f4bc4160f284)')

[nltk_data] Downloading package words to /sailhome/mryan0/nltk_data...
[nltk_data]   Package words is already up-to-date!
/juice2/scr2/nlp/personal-rm/autometrics/autometrics/metrics/utils/gpu_allocation.py:240: UserWarning: [gpu_allocation] Metric UniEvalFact requires 3140.6 MB but no single GPU has enough free memory; assigning to cuda:0 which may OOM.
  warnings.warn(
/juice2/scr2/nlp/personal-rm/autometrics/autometrics/metrics/utils/gpu_allocation.py:240: UserWarning: [gpu_allocation] Metric Perplexity requires 3069.4 MB but no single GPU has enough free memory; assigning to cuda:0 which may OOM.
  warnings.warn(
/juice2/scr2/nlp/personal-rm/autometrics/autometrics/metrics/utils/gpu_allocation.py:240: UserWarning: [gpu_allocation] Metric SummaQA requires 1283.4 MB but no single GPU has enough free memory; assigning to cuda:0 which may OOM.
  warnings.warn(
/juice2/scr2/nlp/personal-rm/autometrics/autometrics/metrics/utils/gpu_allocation.py:240: UserWarning: [gpu_allocation] Metric Toxicity requires 484.9 MB but no single GPU has enough free memory; assigning to cuda:0 which may OOM.
  warnings.warn(
/juice2/scr2/nlp/personal-rm/autometrics/autometrics/metrics/utils/gpu_allocation.py:240: UserWarning: [gpu_allocation] Metric FactCC requires 426.9 MB but no single GPU has enough free memory; assigning to cuda:0 which may OOM.
  warnings.warn(
/juice2/scr2/nlp/personal-rm/autometrics/autometrics/metrics/utils/gpu_allocation.py:240: UserWarning: [gpu_allocation] Metric ParaScoreFree requires 346.4 MB but no single GPU has enough free memory; assigning to cuda:0 which may OOM.
  warnings.warn(
Error profiling metric autometrics.metrics.reference_free.LDLRewardModel.LDLRewardModel (return code -9)
Stderr: [nltk_data] Downloading package words to /sailhome/mryan0/nltk_data...
[nltk_data]   Package words is already up-to-date!

Fetching 22 files:   0%|          | 0/22 [00:00<?, ?it/s]
Fetching 22 files: 100%|| 22/22 [00:00<00:00, 126058.32it/s]

Loading checkpoint shards:   0%|          | 0/12 [00:00<?, ?it/s]
Loading checkpoint shards:   8%|         | 1/12 [01:12<13:12, 72.00s/it]
Loading checkpoint shards:  17%|        | 2/12 [02:32<12:47, 76.76s/it]
Loading checkpoint shards:  25%|       | 3/12 [03:42<11:06, 74.08s/it]
Loading checkpoint shards:  33%|      | 4/12 [05:05<10:18, 77.26s/it]
Loading checkpoint shards:  42%|     | 5/12 [06:17<08:48, 75.49s/it]
Loading checkpoint shards:  50%|     | 6/12 [07:31<07:30, 75.01s/it]
Loading checkpoint shards:  58%|    | 7/12 [08:53<06:26, 77.37s/it]
Loading checkpoint shards:  67%|   | 8/12 [10:06<05:03, 75.77s/it]
Loading checkpoint shards:  75%|  | 9/12 [10:55<03:22, 67.60s/it]
Loading checkpoint shards:  83%| | 10/12 [11:43<02:02, 61.42s/it]
Error running isolated trials for autometrics.metrics.reference_free.LDLRewardModel.LDLRewardModel category short (return code -9)
Stderr: [nltk_data] Downloading package words to /sailhome/mryan0/nltk_data...
[nltk_data]   Package words is already up-to-date!

Fetching 22 files:   0%|          | 0/22 [00:00<?, ?it/s]
Fetching 22 files: 100%|| 22/22 [00:00<00:00, 61722.20it/s]

Loading checkpoint shards:   0%|          | 0/12 [00:00<?, ?it/s]
Loading checkpoint shards:   8%|         | 1/12 [00:41<07:34, 41.30s/it]
Loading checkpoint shards:  17%|        | 2/12 [01:23<06:59, 41.95s/it]
Loading checkpoint shards:  25%|       | 3/12 [02:06<06:19, 42.15s/it]
Loading checkpoint shards:  33%|      | 4/12 [02:49<05:41, 42.64s/it]
Loading checkpoint shards:  42%|     | 5/12 [03:31<04:58, 42.59s/it]
Loading checkpoint shards:  50%|     | 6/12 [04:14<04:15, 42.61s/it]
Loading checkpoint shards:  58%|    | 7/12 [04:58<03:34, 42.89s/it]
Loading checkpoint shards:  67%|   | 8/12 [05:40<02:50, 42.73s/it]
Loading checkpoint shards:  75%|  | 9/12 [06:22<02:07, 42.63s/it]
Loading checkpoint shards:  83%| | 10/12 [07:06<01:25, 42.85s/it]
Stdout: Initial RSS: 414.69 MB
After imports RSS: 706.93 MB (delta: 292.25 MB)
Initial baseline memory: CPU RAM = 706.93 MB, GPU RAM = 0.00 MB
[module_import] Before: CPU RAM = 706.93 MB, GPU RAM = 0.00 MB
[module_import] After: CPU RAM = 912.83 MB, GPU RAM = 0.00 MB
[module_import] Delta: CPU RAM = 205.89 MB, GPU RAM = 0.00 MB
[metric_construction] Before: CPU RAM = 912.83 MB, GPU RAM = 0.00 MB
[metric_construction] After: CPU RAM = 913.65 MB, GPU RAM = 0.00 MB
[metric_construction] Delta: CPU RAM = 0.82 MB, GPU RAM = 0.00 MB
[generate_examples] Before: CPU RAM = 913.65 MB, GPU RAM = 0.00 MB
[generate_examples] After: CPU RAM = 913.65 MB, GPU RAM = 0.00 MB
[generate_examples] Delta: CPU RAM = 0.00 MB, GPU RAM = 0.00 MB
[burn_in_phase] Before: CPU RAM = 913.68 MB, GPU RAM = 0.00 MB

Error running isolated trials for autometrics.metrics.reference_free.LDLRewardModel.LDLRewardModel category medium (return code -9)
Stderr: [nltk_data] Downloading package words to /sailhome/mryan0/nltk_data...
[nltk_data]   Package words is already up-to-date!

Fetching 22 files:   0%|          | 0/22 [00:00<?, ?it/s]
Fetching 22 files: 100%|| 22/22 [00:00<00:00, 35682.40it/s]

Loading checkpoint shards:   0%|          | 0/12 [00:00<?, ?it/s]
Loading checkpoint shards:   8%|         | 1/12 [00:41<07:34, 41.36s/it]
Loading checkpoint shards:  17%|        | 2/12 [01:23<07:00, 42.04s/it]
Loading checkpoint shards:  25%|       | 3/12 [02:06<06:19, 42.19s/it]
Loading checkpoint shards:  33%|      | 4/12 [02:49<05:41, 42.64s/it]
Loading checkpoint shards:  42%|     | 5/12 [03:31<04:57, 42.54s/it]
Loading checkpoint shards:  50%|     | 6/12 [04:14<04:16, 42.71s/it]
Loading checkpoint shards:  58%|    | 7/12 [05:02<03:41, 44.26s/it]
Loading checkpoint shards:  67%|   | 8/12 [05:45<02:55, 43.78s/it]
Loading checkpoint shards:  75%|  | 9/12 [06:28<02:10, 43.50s/it]
Loading checkpoint shards:  83%| | 10/12 [07:11<01:27, 43.61s/it]
Stdout: Initial RSS: 414.61 MB
After imports RSS: 706.37 MB (delta: 291.76 MB)
Initial baseline memory: CPU RAM = 706.37 MB, GPU RAM = 0.00 MB
[module_import] Before: CPU RAM = 706.71 MB, GPU RAM = 0.00 MB
[module_import] After: CPU RAM = 912.96 MB, GPU RAM = 0.00 MB
[module_import] Delta: CPU RAM = 206.25 MB, GPU RAM = 0.00 MB
[metric_construction] Before: CPU RAM = 912.96 MB, GPU RAM = 0.00 MB
[metric_construction] After: CPU RAM = 913.78 MB, GPU RAM = 0.00 MB
[metric_construction] Delta: CPU RAM = 0.81 MB, GPU RAM = 0.00 MB
[generate_examples] Before: CPU RAM = 913.78 MB, GPU RAM = 0.00 MB
[generate_examples] After: CPU RAM = 913.81 MB, GPU RAM = 0.00 MB
[generate_examples] Delta: CPU RAM = 0.03 MB, GPU RAM = 0.00 MB
[burn_in_phase] Before: CPU RAM = 913.81 MB, GPU RAM = 0.00 MB

Error running isolated trials for autometrics.metrics.reference_free.LDLRewardModel.LDLRewardModel category long (return code -9)
Stderr: [nltk_data] Downloading package words to /sailhome/mryan0/nltk_data...
[nltk_data]   Package words is already up-to-date!

Fetching 22 files:   0%|          | 0/22 [00:00<?, ?it/s]
Fetching 22 files: 100%|| 22/22 [00:00<00:00, 43815.14it/s]

Loading checkpoint shards:   0%|          | 0/12 [00:00<?, ?it/s]
Loading checkpoint shards:   8%|         | 1/12 [00:41<07:35, 41.37s/it]
Loading checkpoint shards:  17%|        | 2/12 [01:23<07:00, 42.01s/it]
Loading checkpoint shards:  25%|       | 3/12 [02:06<06:20, 42.28s/it]
Loading checkpoint shards:  33%|      | 4/12 [02:50<05:42, 42.81s/it]
Loading checkpoint shards:  42%|     | 5/12 [03:32<04:58, 42.64s/it]
Loading checkpoint shards:  50%|     | 6/12 [04:14<04:15, 42.53s/it]
Loading checkpoint shards:  58%|    | 7/12 [04:58<03:34, 42.82s/it]
Loading checkpoint shards:  67%|   | 8/12 [05:40<02:51, 42.80s/it]
Loading checkpoint shards:  75%|  | 9/12 [06:23<02:08, 42.85s/it]
Loading checkpoint shards:  83%| | 10/12 [07:07<01:26, 43.15s/it]
Stdout: Initial RSS: 413.95 MB
After imports RSS: 706.11 MB (delta: 292.15 MB)
Initial baseline memory: CPU RAM = 706.11 MB, GPU RAM = 0.00 MB
[module_import] Before: CPU RAM = 706.17 MB, GPU RAM = 0.00 MB
[module_import] After: CPU RAM = 912.65 MB, GPU RAM = 0.00 MB
[module_import] Delta: CPU RAM = 206.48 MB, GPU RAM = 0.00 MB
[metric_construction] Before: CPU RAM = 912.65 MB, GPU RAM = 0.00 MB
[metric_construction] After: CPU RAM = 913.52 MB, GPU RAM = 0.00 MB
[metric_construction] Delta: CPU RAM = 0.88 MB, GPU RAM = 0.00 MB
[generate_examples] Before: CPU RAM = 913.52 MB, GPU RAM = 0.00 MB
[generate_examples] After: CPU RAM = 913.52 MB, GPU RAM = 0.00 MB
[generate_examples] Delta: CPU RAM = 0.00 MB, GPU RAM = 0.00 MB
[burn_in_phase] Before: CPU RAM = 913.52 MB, GPU RAM = 0.00 MB

slurmstepd: error: Detected 4 oom-kill event(s) in StepId=10422298.batch. Some of your processes may have been killed by the cgroup out-of-memory handler.
/juice2/scr2/nlp/personal-rm/autometrics/autometrics/metrics/reference_free/LDLRewardModel.py:183: SyntaxWarning: invalid escape sequence '\s'
  """---
[nltk_data] Downloading package words to /sailhome/mryan0/nltk_data...
[nltk_data]   Package words is already up-to-date!
/juice2/scr2/nlp/personal-rm/autometrics/autometrics/metrics/utils/gpu_allocation.py:240: UserWarning: [gpu_allocation] Metric UniEvalFact requires 3140.6 MB but no single GPU has enough free memory; assigning to cuda:0 which may OOM.
  warnings.warn(
/juice2/scr2/nlp/personal-rm/autometrics/autometrics/metrics/utils/gpu_allocation.py:240: UserWarning: [gpu_allocation] Metric Perplexity requires 3069.4 MB but no single GPU has enough free memory; assigning to cuda:0 which may OOM.
  warnings.warn(
/juice2/scr2/nlp/personal-rm/autometrics/autometrics/metrics/utils/gpu_allocation.py:240: UserWarning: [gpu_allocation] Metric SummaQA requires 1283.4 MB but no single GPU has enough free memory; assigning to cuda:0 which may OOM.
  warnings.warn(
/juice2/scr2/nlp/personal-rm/autometrics/autometrics/metrics/utils/gpu_allocation.py:240: UserWarning: [gpu_allocation] Metric Toxicity requires 484.9 MB but no single GPU has enough free memory; assigning to cuda:0 which may OOM.
  warnings.warn(
/juice2/scr2/nlp/personal-rm/autometrics/autometrics/metrics/utils/gpu_allocation.py:240: UserWarning: [gpu_allocation] Metric FactCC requires 426.9 MB but no single GPU has enough free memory; assigning to cuda:0 which may OOM.
  warnings.warn(
/juice2/scr2/nlp/personal-rm/autometrics/autometrics/metrics/utils/gpu_allocation.py:240: UserWarning: [gpu_allocation] Metric ParaScoreFree requires 346.4 MB but no single GPU has enough free memory; assigning to cuda:0 which may OOM.
  warnings.warn(
